C:\Users\24153540\Documents\aula tarde>git clone https://github.com/barrosnx/Versionamento
Cloning into 'Versionamento'...
remote: Enumerating objects: 3, done.
remote: Counting objects: 100% (3/3), done.
remote: Compressing objects: 100% (3/3), done.
remote: Total 3 (delta 0), reused 0 (delta 0), pack-reused 0
Receiving objects: 100% (3/3), 89.58 KiB | 29.86 MiB/s, done.


novo:Untracked files:
  (use "git add <file>..." to include in what will be committed)
        tarde.txt

nothing added to commit but untracked files present (use "git add" to track)

C:\Users\24153540\Documents\aula tarde\Versionamento>git add .

C:\Users\24153540\Documents\aula tarde\Versionamento>git status
On branch main
Your branch is up to date with 'origin/main'.

Changes to be committed:
  (use "git restore --staged <file>..." to unstage)
        new file:   tarde.txt


novo: C:\Users\24153540\Documents\aula tarde\Versionamento>git commit -m "tarde.txt"
[main 5e6c11c] tarde.txt
 Committer: DAVI DUTRA BARROS <24153540@edu119.local>
Your name and email address were configured automatically based
on your username and hostname. Please check that they are accurate.
You can suppress this message by setting them explicitly. Run the
following command and follow the instructions in your editor to edit
your configuration file:

    git config --global --edit

After doing this, you may fix the identity used for this commit with:

    git commit --amend --reset-author

 1 file changed, 7 insertions(+)
 create mode 100644 tarde.txt